// Vitest Snapshot v1, https://vitest.dev/guide/snapshot.html

exports[`rank > what the analyzer would see for Frostbyte (snapshot) 1`] = `
{
  "dropped": [],
  "items": [
    {
      "at": "2026-08-14T00:00:00Z",
      "entityIds": [],
      "hop": "standing",
      "kind": "mandate",
      "ref": "mandate:mandate-1",
      "score": null,
      "structural": null,
      "text": "Mandate: stages seed, pre-seed. Geos IN. Check ₹80L–2Cr.",
    },
    {
      "at": null,
      "entityIds": [
        "term-immersion",
      ],
      "hop": "standing",
      "kind": "glossary",
      "ref": "term:term-immersion",
      "score": null,
      "structural": null,
      "text": "Immersion cooling — submerging hardware in dielectric fluid.",
    },
    {
      "at": null,
      "entityIds": [
        "co-frostbyte",
      ],
      "hop": 0,
      "kind": "attribute",
      "ref": "attr:co-frostbyte:description",
      "score": 1,
      "structural": 1,
      "text": "Description: Immersion cooling for edge DCs",
    },
    {
      "at": null,
      "entityIds": [
        "co-frostbyte",
      ],
      "hop": 0,
      "kind": "attribute",
      "ref": "attr:co-frostbyte:funding_stage",
      "score": 1,
      "structural": 1,
      "text": "Funding stage: Seed",
    },
    {
      "at": null,
      "entityIds": [
        "co-frostbyte",
      ],
      "hop": 0,
      "kind": "attribute",
      "ref": "attr:co-frostbyte:location",
      "score": 1,
      "structural": 1,
      "text": "Location: Bengaluru",
    },
    {
      "at": "2026-08-29T10:00:00Z",
      "entityIds": [
        "co-frostbyte",
      ],
      "hop": 0,
      "kind": "event",
      "ref": "event:ev-stage",
      "score": 0.6121515604326163,
      "structural": 0.6121515604326163,
      "text": "Stage: Sourced → First call (2026-08-29)",
    },
    {
      "at": "2026-08-21T00:00:00Z",
      "entityIds": [
        "co-frostbyte",
        "note-memo",
      ],
      "hop": 1,
      "kind": "memo",
      "ref": "memo:note-memo",
      "score": 0.5198750385057401,
      "structural": 0.5198750385057401,
      "text": "Memo: Frostbyte — thesis fit on power density. The wedge is …",
    },
    {
      "at": "2026-08-29T11:00:00Z",
      "entityIds": [
        "co-frostbyte",
        "person-priya",
      ],
      "hop": 1,
      "kind": "interaction",
      "ref": "interaction:int-call",
      "score": 0.22054340546489554,
      "structural": 0.22054340546489554,
      "text": "Call 2026-08-29 with Priya: pilot economics, intro to Tata Comms.",
    },
    {
      "at": "2026-08-20T00:00:00Z",
      "entityIds": [
        "co-frostbyte",
        "doc-deck",
      ],
      "hop": 1,
      "kind": "doc_chunk",
      "ref": "doc:doc-deck#0",
      "score": 0.18,
      "structural": 0.18,
      "text": "Deck p.1: Frostbyte Cooling — seed. Problem: edge DCs run hot.",
    },
    {
      "at": "2026-06-02T00:00:00Z",
      "entityIds": [
        "space-cooling",
        "note-space-memo",
      ],
      "hop": 2,
      "kind": "memo",
      "ref": "memo:note-space-memo",
      "score": 0.17864043999310408,
      "structural": 0.17864043999310408,
      "text": "Memo: Data-center cooling — why we care. Power density is …",
    },
    {
      "at": "2026-09-01T00:00:00Z",
      "entityIds": [
        "co-frostbyte",
      ],
      "hop": 1,
      "kind": "task",
      "ref": "task:task-revisit",
      "score": 0.17057300323480948,
      "structural": 0.17057300323480948,
      "text": "Task: revisit after round closes (due 2026-10-15)",
    },
    {
      "at": "2026-08-20T00:00:00Z",
      "entityIds": [
        "co-frostbyte",
        "doc-deck",
      ],
      "hop": 1,
      "kind": "doc_chunk",
      "ref": "doc:doc-deck#1",
      "score": 0.18,
      "structural": 0.18,
      "text": "Deck p.2: Team. Priya Rao (CEO, ex-Tata Power) …",
    },
    {
      "at": "2026-08-20T00:00:00Z",
      "entityIds": [
        "co-frostbyte",
        "doc-deck",
      ],
      "hop": 1,
      "kind": "doc_chunk",
      "ref": "doc:doc-deck#4",
      "score": 0.18,
      "structural": 0.18,
      "text": "Deck p.5: Pilot at Tata Comms showed 40% PUE improvement.",
    },
  ],
  "usedChars": 638,
}
`;
